---
source: src/data.rs
expression: "pretty(30, show_tree(tree()))"

---
aaa[bbbbb[ccc, dd],
    eee,
    ffff[gg, hhh, ii]]
